[debug] [2026-06-12T08:54:49.704Z] [Firebase Plugin] Activating Firebase extension.
[info] [Firebase Plugin] Checked firebase-tools, is up to date!
[debug] [2026-06-12T08:55:26.374Z] [Firebase Plugin] requireAuthWrapper
[debug] [2026-06-12T08:55:29.302Z] > command requires scopes: ["email","openid","https://www.googleapis.com/auth/cloudplatformprojects.readonly","https://www.googleapis.com/auth/firebase","https://www.googleapis.com/auth/cloud-platform"]
[debug] [2026-06-12T08:55:29.409Z] > authorizing via signed-in user (marsicprod@gmail.com)
[debug] [2026-06-12T08:55:29.417Z] Checked if tokens are valid: false, expires at: 1781209518027
[debug] [2026-06-12T08:55:29.418Z] Checked if tokens are valid: false, expires at: 1781209518027
[debug] [2026-06-12T08:55:29.418Z] > refreshing access token with scopes: []
[debug] [2026-06-12T08:55:29.420Z] >>> [apiv2][query] POST https://www.googleapis.com/oauth2/v3/token [none]
[debug] [2026-06-12T08:55:29.422Z] >>> [apiv2][body] POST https://www.googleapis.com/oauth2/v3/token [omitted]
[debug] [2026-06-12T08:55:29.444Z] [Firebase Plugin] VSCode notification server listening on port 40001
[debug] [2026-06-12T08:55:31.142Z] <<< [apiv2][status] POST https://www.googleapis.com/oauth2/v3/token 200
[debug] [2026-06-12T08:55:31.142Z] <<< [apiv2][body] POST https://www.googleapis.com/oauth2/v3/token [omitted]
[debug] [2026-06-12T08:55:31.184Z] [Firebase Plugin] User found:  marsicprod@gmail.com
[info] [Firebase Plugin] (Core:Project) New user detected, fetching projects
[debug] [2026-06-12T08:55:31.185Z] Checked if tokens are valid: true, expires at: 1781258130142
[debug] [2026-06-12T08:55:31.186Z] >>> [apiv2][query] GET https://firebase.googleapis.com/v1beta1/projects pageSize=1000
[debug] [2026-06-12T08:55:31.868Z] <<< [apiv2][status] GET https://firebase.googleapis.com/v1beta1/projects 200
[debug] [2026-06-12T08:55:31.868Z] <<< [apiv2][body] GET https://firebase.googleapis.com/v1beta1/projects [omitted]
[info] [Firebase Plugin] Starting SQL Connect toolkit (version 3.4.10) on port 50001
[debug] [2026-06-12T08:55:43.324Z] 'fdc build' failed with error: Unable to build your SQL Connect schema and connectors (exit code 1): E0612 15:55:41.486401   17172 cmd.go:43] Error loading data connect config: could not find dataconnect.yaml in `c:\Users\hazel\source\repos\37MUSICSTUDIO\dataconnect`
 {"metadata":{"emulator":{"name":"dataconnect"},"message":"'fdc build' failed with error: Unable to build your SQL Connect schema and connectors (exit code 1): E0612 15:55:41.486401   17172 cmd.go:43] Error loading data connect config: could not find dataconnect.yaml in `c:\\Users\\hazel\\source\\repos\\37MUSICSTUDIO\\dataconnect`\n"}}
[debug] [2026-06-12T08:55:43.325Z] Ignoring unsupported arg: auto_download {"metadata":{"emulator":{"name":"dataconnect"},"message":"Ignoring unsupported arg: auto_download"}}
[debug] [2026-06-12T08:55:43.326Z] Ignoring unsupported arg: port {"metadata":{"emulator":{"name":"dataconnect"},"message":"Ignoring unsupported arg: port"}}
[debug] [2026-06-12T08:55:43.326Z] Starting SQL Connect Emulator with command {"binary":"C:\\Users\\hazel\\.cache\\firebase\\emulators\\dataconnect-emulator-3.4.10.exe","args":["--logtostderr","-v=2","dev","--listen=localhost:50001","--config_dir=c:\\Users\\hazel\\source\\repos\\37MUSICSTUDIO\\dataconnect","--enable_output_schema_extensions=true","--enable_output_generated_sdk=true"],"optionalArgs":["listen","config_dir","enable_output_schema_extensions","enable_output_generated_sdk"],"joinArgs":true,"shell":false,"port":9399} {"metadata":{"emulator":{"name":"dataconnect"},"message":"Starting SQL Connect Emulator with command {\"binary\":\"C:\\\\Users\\\\hazel\\\\.cache\\\\firebase\\\\emulators\\\\dataconnect-emulator-3.4.10.exe\",\"args\":[\"--logtostderr\",\"-v=2\",\"dev\",\"--listen=localhost:50001\",\"--config_dir=c:\\\\Users\\\\hazel\\\\source\\\\repos\\\\37MUSICSTUDIO\\\\dataconnect\",\"--enable_output_schema_extensions=true\",\"--enable_output_generated_sdk=true\"],\"optionalArgs\":[\"listen\",\"config_dir\",\"enable_output_schema_extensions\",\"enable_output_generated_sdk\"],\"joinArgs\":true,\"shell\":false,\"port\":9399}"}}
[info] i  dataconnect: SQL Connect Emulator logging to dataconnect-debug.log {"metadata":{"emulator":{"name":"dataconnect"},"message":"SQL Connect Emulator logging to \u001b[1mdataconnect-debug.log\u001b[22m"}}
[debug] [2026-06-12T08:55:47.207Z] E0612 15:55:47.035334   12236 dev.go:83] Failed to load initial config from "c:\\Users\\hazel\\source\\repos\\37MUSICSTUDIO\\dataconnect": could not find dataconnect.yaml in `c:\Users\hazel\source\repos\37MUSICSTUDIO\dataconnect`
E0612 15:55:47.111182   12236 watch.go:116] watchAllDir unable to walk dir `c:\Users\hazel\source\repos\37MUSICSTUDIO\dataconnect`: GetFileAttributesEx c:\Users\hazel\source\repos\37MUSICSTUDIO\dataconnect: The system cannot find the file specified.
 {"metadata":{"emulator":{"name":"dataconnect"},"message":"E0612 15:55:47.035334   12236 dev.go:83] Failed to load initial config from \"c:\\\\Users\\\\hazel\\\\source\\\\repos\\\\37MUSICSTUDIO\\\\dataconnect\": could not find dataconnect.yaml in `c:\\Users\\hazel\\source\\repos\\37MUSICSTUDIO\\dataconnect`\nE0612 15:55:47.111182   12236 watch.go:116] watchAllDir unable to walk dir `c:\\Users\\hazel\\source\\repos\\37MUSICSTUDIO\\dataconnect`: GetFileAttributesEx c:\\Users\\hazel\\source\\repos\\37MUSICSTUDIO\\dataconnect: The system cannot find the file specified.\n"}}
[debug] [2026-06-12T08:55:50.948Z] I0612 15:55:50.527977   12236 dev.go:104] Listening on address (HTTP + gRPC): 127.0.0.1:50001
 {"metadata":{"emulator":{"name":"dataconnect"},"message":"I0612 15:55:50.527977   12236 dev.go:104] Listening on address (HTTP + gRPC): 127.0.0.1:50001\n"}}
[error] [Firebase Plugin] error:  {}
[debug] [2026-06-12T08:55:57.168Z] E0612 15:55:57.167943   12236 watch.go:40] Failed to load config from "c:\\Users\\hazel\\source\\repos\\37MUSICSTUDIO\\dataconnect": could not find dataconnect.yaml in `c:\Users\hazel\source\repos\37MUSICSTUDIO\dataconnect`
 {"metadata":{"emulator":{"name":"dataconnect"},"message":"E0612 15:55:57.167943   12236 watch.go:40] Failed to load config from \"c:\\\\Users\\\\hazel\\\\source\\\\repos\\\\37MUSICSTUDIO\\\\dataconnect\": could not find dataconnect.yaml in `c:\\Users\\hazel\\source\\repos\\37MUSICSTUDIO\\dataconnect`\n"}}
[debug] [2026-06-12T08:56:07.149Z] E0612 15:56:07.148482   12236 watch.go:40] Failed to load config from "c:\\Users\\hazel\\source\\repos\\37MUSICSTUDIO\\dataconnect": could not find dataconnect.yaml in `c:\Users\hazel\source\repos\37MUSICSTUDIO\dataconnect`
 {"metadata":{"emulator":{"name":"dataconnect"},"message":"E0612 15:56:07.148482   12236 watch.go:40] Failed to load config from \"c:\\\\Users\\\\hazel\\\\source\\\\repos\\\\37MUSICSTUDIO\\\\dataconnect\": could not find dataconnect.yaml in `c:\\Users\\hazel\\source\\repos\\37MUSICSTUDIO\\dataconnect`\n"}}
[debug] [2026-06-12T08:56:17.317Z] E0612 15:56:17.205095   12236 watch.go:40] Failed to load config from "c:\\Users\\hazel\\source\\repos\\37MUSICSTUDIO\\dataconnect": could not find dataconnect.yaml in `c:\Users\hazel\source\repos\37MUSICSTUDIO\dataconnect`
 {"metadata":{"emulator":{"name":"dataconnect"},"message":"E0612 15:56:17.205095   12236 watch.go:40] Failed to load config from \"c:\\\\Users\\\\hazel\\\\source\\\\repos\\\\37MUSICSTUDIO\\\\dataconnect\": could not find dataconnect.yaml in `c:\\Users\\hazel\\source\\repos\\37MUSICSTUDIO\\dataconnect`\n"}}
[debug] [2026-06-12T08:56:27.148Z] E0612 15:56:27.148240   12236 watch.go:40] Failed to load config from "c:\\Users\\hazel\\source\\repos\\37MUSICSTUDIO\\dataconnect": could not find dataconnect.yaml in `c:\Users\hazel\source\repos\37MUSICSTUDIO\dataconnect`
 {"metadata":{"emulator":{"name":"dataconnect"},"message":"E0612 15:56:27.148240   12236 watch.go:40] Failed to load config from \"c:\\\\Users\\\\hazel\\\\source\\\\repos\\\\37MUSICSTUDIO\\\\dataconnect\": could not find dataconnect.yaml in `c:\\Users\\hazel\\source\\repos\\37MUSICSTUDIO\\dataconnect`\n"}}
[debug] [2026-06-12T08:56:37.131Z] E0612 15:56:37.130472   12236 watch.go:40] Failed to load config from "c:\\Users\\hazel\\source\\repos\\37MUSICSTUDIO\\dataconnect": could not find dataconnect.yaml in `c:\Users\hazel\source\repos\37MUSICSTUDIO\dataconnect`
 {"metadata":{"emulator":{"name":"dataconnect"},"message":"E0612 15:56:37.130472   12236 watch.go:40] Failed to load config from \"c:\\\\Users\\\\hazel\\\\source\\\\repos\\\\37MUSICSTUDIO\\\\dataconnect\": could not find dataconnect.yaml in `c:\\Users\\hazel\\source\\repos\\37MUSICSTUDIO\\dataconnect`\n"}}
[debug] [2026-06-12T08:56:47.113Z] E0612 15:56:47.113318   12236 watch.go:116] watchAllDir unable to walk dir `c:\Users\hazel\source\repos\37MUSICSTUDIO\dataconnect`: GetFileAttributesEx c:\Users\hazel\source\repos\37MUSICSTUDIO\dataconnect: The system cannot find the file specified.
 {"metadata":{"emulator":{"name":"dataconnect"},"message":"E0612 15:56:47.113318   12236 watch.go:116] watchAllDir unable to walk dir `c:\\Users\\hazel\\source\\repos\\37MUSICSTUDIO\\dataconnect`: GetFileAttributesEx c:\\Users\\hazel\\source\\repos\\37MUSICSTUDIO\\dataconnect: The system cannot find the file specified.\n"}}
[debug] [2026-06-12T08:56:47.116Z] E0612 15:56:47.116316   12236 watch.go:40] Failed to load config from "c:\\Users\\hazel\\source\\repos\\37MUSICSTUDIO\\dataconnect": could not find dataconnect.yaml in `c:\Users\hazel\source\repos\37MUSICSTUDIO\dataconnect`
 {"metadata":{"emulator":{"name":"dataconnect"},"message":"E0612 15:56:47.116316   12236 watch.go:40] Failed to load config from \"c:\\\\Users\\\\hazel\\\\source\\\\repos\\\\37MUSICSTUDIO\\\\dataconnect\": could not find dataconnect.yaml in `c:\\Users\\hazel\\source\\repos\\37MUSICSTUDIO\\dataconnect`\n"}}
[debug] [2026-06-12T08:56:57.113Z] E0612 15:56:57.112996   12236 watch.go:40] Failed to load config from "c:\\Users\\hazel\\source\\repos\\37MUSICSTUDIO\\dataconnect": could not find dataconnect.yaml in `c:\Users\hazel\source\repos\37MUSICSTUDIO\dataconnect`
 {"metadata":{"emulator":{"name":"dataconnect"},"message":"E0612 15:56:57.112996   12236 watch.go:40] Failed to load config from \"c:\\\\Users\\\\hazel\\\\source\\\\repos\\\\37MUSICSTUDIO\\\\dataconnect\": could not find dataconnect.yaml in `c:\\Users\\hazel\\source\\repos\\37MUSICSTUDIO\\dataconnect`\n"}}
[debug] [2026-06-12T08:57:07.114Z] E0612 15:57:07.113680   12236 watch.go:40] Failed to load config from "c:\\Users\\hazel\\source\\repos\\37MUSICSTUDIO\\dataconnect": could not find dataconnect.yaml in `c:\Users\hazel\source\repos\37MUSICSTUDIO\dataconnect`
 {"metadata":{"emulator":{"name":"dataconnect"},"message":"E0612 15:57:07.113680   12236 watch.go:40] Failed to load config from \"c:\\\\Users\\\\hazel\\\\source\\\\repos\\\\37MUSICSTUDIO\\\\dataconnect\": could not find dataconnect.yaml in `c:\\Users\\hazel\\source\\repos\\37MUSICSTUDIO\\dataconnect`\n"}}
[debug] [2026-06-12T08:57:17.113Z] E0612 15:57:17.113345   12236 watch.go:40] Failed to load config from "c:\\Users\\hazel\\source\\repos\\37MUSICSTUDIO\\dataconnect": could not find dataconnect.yaml in `c:\Users\hazel\source\repos\37MUSICSTUDIO\dataconnect`
 {"metadata":{"emulator":{"name":"dataconnect"},"message":"E0612 15:57:17.113345   12236 watch.go:40] Failed to load config from \"c:\\\\Users\\\\hazel\\\\source\\\\repos\\\\37MUSICSTUDIO\\\\dataconnect\": could not find dataconnect.yaml in `c:\\Users\\hazel\\source\\repos\\37MUSICSTUDIO\\dataconnect`\n"}}
[debug] [2026-06-12T08:57:27.114Z] E0612 15:57:27.113492   12236 watch.go:40] Failed to load config from "c:\\Users\\hazel\\source\\repos\\37MUSICSTUDIO\\dataconnect": could not find dataconnect.yaml in `c:\Users\hazel\source\repos\37MUSICSTUDIO\dataconnect`
 {"metadata":{"emulator":{"name":"dataconnect"},"message":"E0612 15:57:27.113492   12236 watch.go:40] Failed to load config from \"c:\\\\Users\\\\hazel\\\\source\\\\repos\\\\37MUSICSTUDIO\\\\dataconnect\": could not find dataconnect.yaml in `c:\\Users\\hazel\\source\\repos\\37MUSICSTUDIO\\dataconnect`\n"}}
[debug] [2026-06-12T08:57:37.113Z] E0612 15:57:37.113218   12236 watch.go:40] Failed to load config from "c:\\Users\\hazel\\source\\repos\\37MUSICSTUDIO\\dataconnect": could not find dataconnect.yaml in `c:\Users\hazel\source\repos\37MUSICSTUDIO\dataconnect`
 {"metadata":{"emulator":{"name":"dataconnect"},"message":"E0612 15:57:37.113218   12236 watch.go:40] Failed to load config from \"c:\\\\Users\\\\hazel\\\\source\\\\repos\\\\37MUSICSTUDIO\\\\dataconnect\": could not find dataconnect.yaml in `c:\\Users\\hazel\\source\\repos\\37MUSICSTUDIO\\dataconnect`\n"}}
[debug] [2026-06-12T08:57:47.113Z] E0612 15:57:47.113543   12236 watch.go:116] watchAllDir unable to walk dir `c:\Users\hazel\source\repos\37MUSICSTUDIO\dataconnect`: GetFileAttributesEx c:\Users\hazel\source\repos\37MUSICSTUDIO\dataconnect: The system cannot find the file specified.
 {"metadata":{"emulator":{"name":"dataconnect"},"message":"E0612 15:57:47.113543   12236 watch.go:116] watchAllDir unable to walk dir `c:\\Users\\hazel\\source\\repos\\37MUSICSTUDIO\\dataconnect`: GetFileAttributesEx c:\\Users\\hazel\\source\\repos\\37MUSICSTUDIO\\dataconnect: The system cannot find the file specified.\n"}}
[debug] [2026-06-12T08:57:47.115Z] E0612 15:57:47.115542   12236 watch.go:40] Failed to load config from "c:\\Users\\hazel\\source\\repos\\37MUSICSTUDIO\\dataconnect": could not find dataconnect.yaml in `c:\Users\hazel\source\repos\37MUSICSTUDIO\dataconnect`
 {"metadata":{"emulator":{"name":"dataconnect"},"message":"E0612 15:57:47.115542   12236 watch.go:40] Failed to load config from \"c:\\\\Users\\\\hazel\\\\source\\\\repos\\\\37MUSICSTUDIO\\\\dataconnect\": could not find dataconnect.yaml in `c:\\Users\\hazel\\source\\repos\\37MUSICSTUDIO\\dataconnect`\n"}}
[debug] [2026-06-12T08:57:57.114Z] E0612 15:57:57.114529   12236 watch.go:40] Failed to load config from "c:\\Users\\hazel\\source\\repos\\37MUSICSTUDIO\\dataconnect": could not find dataconnect.yaml in `c:\Users\hazel\source\repos\37MUSICSTUDIO\dataconnect`
 {"metadata":{"emulator":{"name":"dataconnect"},"message":"E0612 15:57:57.114529   12236 watch.go:40] Failed to load config from \"c:\\\\Users\\\\hazel\\\\source\\\\repos\\\\37MUSICSTUDIO\\\\dataconnect\": could not find dataconnect.yaml in `c:\\Users\\hazel\\source\\repos\\37MUSICSTUDIO\\dataconnect`\n"}}
[debug] [2026-06-12T08:58:07.114Z] E0612 15:58:07.113936   12236 watch.go:40] Failed to load config from "c:\\Users\\hazel\\source\\repos\\37MUSICSTUDIO\\dataconnect": could not find dataconnect.yaml in `c:\Users\hazel\source\repos\37MUSICSTUDIO\dataconnect`
 {"metadata":{"emulator":{"name":"dataconnect"},"message":"E0612 15:58:07.113936   12236 watch.go:40] Failed to load config from \"c:\\\\Users\\\\hazel\\\\source\\\\repos\\\\37MUSICSTUDIO\\\\dataconnect\": could not find dataconnect.yaml in `c:\\Users\\hazel\\source\\repos\\37MUSICSTUDIO\\dataconnect`\n"}}
[debug] [2026-06-12T08:58:17.124Z] E0612 15:58:17.124326   12236 watch.go:40] Failed to load config from "c:\\Users\\hazel\\source\\repos\\37MUSICSTUDIO\\dataconnect": could not find dataconnect.yaml in `c:\Users\hazel\source\repos\37MUSICSTUDIO\dataconnect`
 {"metadata":{"emulator":{"name":"dataconnect"},"message":"E0612 15:58:17.124326   12236 watch.go:40] Failed to load config from \"c:\\\\Users\\\\hazel\\\\source\\\\repos\\\\37MUSICSTUDIO\\\\dataconnect\": could not find dataconnect.yaml in `c:\\Users\\hazel\\source\\repos\\37MUSICSTUDIO\\dataconnect`\n"}}
[debug] [2026-06-12T08:58:27.113Z] E0612 15:58:27.113818   12236 watch.go:40] Failed to load config from "c:\\Users\\hazel\\source\\repos\\37MUSICSTUDIO\\dataconnect": could not find dataconnect.yaml in `c:\Users\hazel\source\repos\37MUSICSTUDIO\dataconnect`
 {"metadata":{"emulator":{"name":"dataconnect"},"message":"E0612 15:58:27.113818   12236 watch.go:40] Failed to load config from \"c:\\\\Users\\\\hazel\\\\source\\\\repos\\\\37MUSICSTUDIO\\\\dataconnect\": could not find dataconnect.yaml in `c:\\Users\\hazel\\source\\repos\\37MUSICSTUDIO\\dataconnect`\n"}}
[debug] [2026-06-12T08:58:37.114Z] E0612 15:58:37.114581   12236 watch.go:40] Failed to load config from "c:\\Users\\hazel\\source\\repos\\37MUSICSTUDIO\\dataconnect": could not find dataconnect.yaml in `c:\Users\hazel\source\repos\37MUSICSTUDIO\dataconnect`
 {"metadata":{"emulator":{"name":"dataconnect"},"message":"E0612 15:58:37.114581   12236 watch.go:40] Failed to load config from \"c:\\\\Users\\\\hazel\\\\source\\\\repos\\\\37MUSICSTUDIO\\\\dataconnect\": could not find dataconnect.yaml in `c:\\Users\\hazel\\source\\repos\\37MUSICSTUDIO\\dataconnect`\n"}}
[debug] [2026-06-12T08:58:47.113Z] E0612 15:58:47.113717   12236 watch.go:116] watchAllDir unable to walk dir `c:\Users\hazel\source\repos\37MUSICSTUDIO\dataconnect`: GetFileAttributesEx c:\Users\hazel\source\repos\37MUSICSTUDIO\dataconnect: The system cannot find the file specified.
 {"metadata":{"emulator":{"name":"dataconnect"},"message":"E0612 15:58:47.113717   12236 watch.go:116] watchAllDir unable to walk dir `c:\\Users\\hazel\\source\\repos\\37MUSICSTUDIO\\dataconnect`: GetFileAttributesEx c:\\Users\\hazel\\source\\repos\\37MUSICSTUDIO\\dataconnect: The system cannot find the file specified.\n"}}
[debug] [2026-06-12T08:58:47.115Z] E0612 15:58:47.115811   12236 watch.go:40] Failed to load config from "c:\\Users\\hazel\\source\\repos\\37MUSICSTUDIO\\dataconnect": could not find dataconnect.yaml in `c:\Users\hazel\source\repos\37MUSICSTUDIO\dataconnect`
 {"metadata":{"emulator":{"name":"dataconnect"},"message":"E0612 15:58:47.115811   12236 watch.go:40] Failed to load config from \"c:\\\\Users\\\\hazel\\\\source\\\\repos\\\\37MUSICSTUDIO\\\\dataconnect\": could not find dataconnect.yaml in `c:\\Users\\hazel\\source\\repos\\37MUSICSTUDIO\\dataconnect`\n"}}
[debug] [2026-06-12T08:58:57.113Z] E0612 15:58:57.113765   12236 watch.go:40] Failed to load config from "c:\\Users\\hazel\\source\\repos\\37MUSICSTUDIO\\dataconnect": could not find dataconnect.yaml in `c:\Users\hazel\source\repos\37MUSICSTUDIO\dataconnect`
 {"metadata":{"emulator":{"name":"dataconnect"},"message":"E0612 15:58:57.113765   12236 watch.go:40] Failed to load config from \"c:\\\\Users\\\\hazel\\\\source\\\\repos\\\\37MUSICSTUDIO\\\\dataconnect\": could not find dataconnect.yaml in `c:\\Users\\hazel\\source\\repos\\37MUSICSTUDIO\\dataconnect`\n"}}
[debug] [2026-06-12T08:59:07.112Z] E0612 15:59:07.112995   12236 watch.go:40] Failed to load config from "c:\\Users\\hazel\\source\\repos\\37MUSICSTUDIO\\dataconnect": could not find dataconnect.yaml in `c:\Users\hazel\source\repos\37MUSICSTUDIO\dataconnect`
 {"metadata":{"emulator":{"name":"dataconnect"},"message":"E0612 15:59:07.112995   12236 watch.go:40] Failed to load config from \"c:\\\\Users\\\\hazel\\\\source\\\\repos\\\\37MUSICSTUDIO\\\\dataconnect\": could not find dataconnect.yaml in `c:\\Users\\hazel\\source\\repos\\37MUSICSTUDIO\\dataconnect`\n"}}
[debug] [2026-06-12T08:59:17.112Z] E0612 15:59:17.113064   12236 watch.go:40] Failed to load config from "c:\\Users\\hazel\\source\\repos\\37MUSICSTUDIO\\dataconnect": could not find dataconnect.yaml in `c:\Users\hazel\source\repos\37MUSICSTUDIO\dataconnect`
 {"metadata":{"emulator":{"name":"dataconnect"},"message":"E0612 15:59:17.113064   12236 watch.go:40] Failed to load config from \"c:\\\\Users\\\\hazel\\\\source\\\\repos\\\\37MUSICSTUDIO\\\\dataconnect\": could not find dataconnect.yaml in `c:\\Users\\hazel\\source\\repos\\37MUSICSTUDIO\\dataconnect`\n"}}
[debug] [2026-06-12T08:59:27.138Z] E0612 15:59:27.138685   12236 watch.go:40] Failed to load config from "c:\\Users\\hazel\\source\\repos\\37MUSICSTUDIO\\dataconnect": could not find dataconnect.yaml in `c:\Users\hazel\source\repos\37MUSICSTUDIO\dataconnect`
 {"metadata":{"emulator":{"name":"dataconnect"},"message":"E0612 15:59:27.138685   12236 watch.go:40] Failed to load config from \"c:\\\\Users\\\\hazel\\\\source\\\\repos\\\\37MUSICSTUDIO\\\\dataconnect\": could not find dataconnect.yaml in `c:\\Users\\hazel\\source\\repos\\37MUSICSTUDIO\\dataconnect`\n"}}
[debug] [2026-06-12T08:59:37.114Z] E0612 15:59:37.113704   12236 watch.go:40] Failed to load config from "c:\\Users\\hazel\\source\\repos\\37MUSICSTUDIO\\dataconnect": could not find dataconnect.yaml in `c:\Users\hazel\source\repos\37MUSICSTUDIO\dataconnect`
 {"metadata":{"emulator":{"name":"dataconnect"},"message":"E0612 15:59:37.113704   12236 watch.go:40] Failed to load config from \"c:\\\\Users\\\\hazel\\\\source\\\\repos\\\\37MUSICSTUDIO\\\\dataconnect\": could not find dataconnect.yaml in `c:\\Users\\hazel\\source\\repos\\37MUSICSTUDIO\\dataconnect`\n"}}
[debug] [2026-06-12T08:59:47.113Z] E0612 15:59:47.113546   12236 watch.go:116] watchAllDir unable to walk dir `c:\Users\hazel\source\repos\37MUSICSTUDIO\dataconnect`: GetFileAttributesEx c:\Users\hazel\source\repos\37MUSICSTUDIO\dataconnect: The system cannot find the file specified.
 {"metadata":{"emulator":{"name":"dataconnect"},"message":"E0612 15:59:47.113546   12236 watch.go:116] watchAllDir unable to walk dir `c:\\Users\\hazel\\source\\repos\\37MUSICSTUDIO\\dataconnect`: GetFileAttributesEx c:\\Users\\hazel\\source\\repos\\37MUSICSTUDIO\\dataconnect: The system cannot find the file specified.\n"}}
[debug] [2026-06-12T08:59:47.114Z] E0612 15:59:47.114049   12236 watch.go:40] Failed to load config from "c:\\Users\\hazel\\source\\repos\\37MUSICSTUDIO\\dataconnect": could not find dataconnect.yaml in `c:\Users\hazel\source\repos\37MUSICSTUDIO\dataconnect`
 {"metadata":{"emulator":{"name":"dataconnect"},"message":"E0612 15:59:47.114049   12236 watch.go:40] Failed to load config from \"c:\\\\Users\\\\hazel\\\\source\\\\repos\\\\37MUSICSTUDIO\\\\dataconnect\": could not find dataconnect.yaml in `c:\\Users\\hazel\\source\\repos\\37MUSICSTUDIO\\dataconnect`\n"}}
[debug] [2026-06-12T08:59:57.113Z] E0612 15:59:57.113501   12236 watch.go:40] Failed to load config from "c:\\Users\\hazel\\source\\repos\\37MUSICSTUDIO\\dataconnect": could not find dataconnect.yaml in `c:\Users\hazel\source\repos\37MUSICSTUDIO\dataconnect`
 {"metadata":{"emulator":{"name":"dataconnect"},"message":"E0612 15:59:57.113501   12236 watch.go:40] Failed to load config from \"c:\\\\Users\\\\hazel\\\\source\\\\repos\\\\37MUSICSTUDIO\\\\dataconnect\": could not find dataconnect.yaml in `c:\\Users\\hazel\\source\\repos\\37MUSICSTUDIO\\dataconnect`\n"}}
[debug] [2026-06-12T09:00:07.115Z] E0612 16:00:07.115185   12236 watch.go:40] Failed to load config from "c:\\Users\\hazel\\source\\repos\\37MUSICSTUDIO\\dataconnect": could not find dataconnect.yaml in `c:\Users\hazel\source\repos\37MUSICSTUDIO\dataconnect`
 {"metadata":{"emulator":{"name":"dataconnect"},"message":"E0612 16:00:07.115185   12236 watch.go:40] Failed to load config from \"c:\\\\Users\\\\hazel\\\\source\\\\repos\\\\37MUSICSTUDIO\\\\dataconnect\": could not find dataconnect.yaml in `c:\\Users\\hazel\\source\\repos\\37MUSICSTUDIO\\dataconnect`\n"}}
[debug] [2026-06-12T09:00:17.113Z] E0612 16:00:17.113840   12236 watch.go:40] Failed to load config from "c:\\Users\\hazel\\source\\repos\\37MUSICSTUDIO\\dataconnect": could not find dataconnect.yaml in `c:\Users\hazel\source\repos\37MUSICSTUDIO\dataconnect`
 {"metadata":{"emulator":{"name":"dataconnect"},"message":"E0612 16:00:17.113840   12236 watch.go:40] Failed to load config from \"c:\\\\Users\\\\hazel\\\\source\\\\repos\\\\37MUSICSTUDIO\\\\dataconnect\": could not find dataconnect.yaml in `c:\\Users\\hazel\\source\\repos\\37MUSICSTUDIO\\dataconnect`\n"}}
[debug] [2026-06-12T09:00:27.113Z] E0612 16:00:27.112817   12236 watch.go:40] Failed to load config from "c:\\Users\\hazel\\source\\repos\\37MUSICSTUDIO\\dataconnect": could not find dataconnect.yaml in `c:\Users\hazel\source\repos\37MUSICSTUDIO\dataconnect`
 {"metadata":{"emulator":{"name":"dataconnect"},"message":"E0612 16:00:27.112817   12236 watch.go:40] Failed to load config from \"c:\\\\Users\\\\hazel\\\\source\\\\repos\\\\37MUSICSTUDIO\\\\dataconnect\": could not find dataconnect.yaml in `c:\\Users\\hazel\\source\\repos\\37MUSICSTUDIO\\dataconnect`\n"}}
[debug] [2026-06-12T09:00:37.113Z] E0612 16:00:37.113275   12236 watch.go:40] Failed to load config from "c:\\Users\\hazel\\source\\repos\\37MUSICSTUDIO\\dataconnect": could not find dataconnect.yaml in `c:\Users\hazel\source\repos\37MUSICSTUDIO\dataconnect`
 {"metadata":{"emulator":{"name":"dataconnect"},"message":"E0612 16:00:37.113275   12236 watch.go:40] Failed to load config from \"c:\\\\Users\\\\hazel\\\\source\\\\repos\\\\37MUSICSTUDIO\\\\dataconnect\": could not find dataconnect.yaml in `c:\\Users\\hazel\\source\\repos\\37MUSICSTUDIO\\dataconnect`\n"}}
[debug] [2026-06-12T09:00:47.129Z] E0612 16:00:47.129660   12236 watch.go:116] watchAllDir unable to walk dir `c:\Users\hazel\source\repos\37MUSICSTUDIO\dataconnect`: GetFileAttributesEx c:\Users\hazel\source\repos\37MUSICSTUDIO\dataconnect: The system cannot find the file specified.
 {"metadata":{"emulator":{"name":"dataconnect"},"message":"E0612 16:00:47.129660   12236 watch.go:116] watchAllDir unable to walk dir `c:\\Users\\hazel\\source\\repos\\37MUSICSTUDIO\\dataconnect`: GetFileAttributesEx c:\\Users\\hazel\\source\\repos\\37MUSICSTUDIO\\dataconnect: The system cannot find the file specified.\n"}}
[debug] [2026-06-12T09:00:47.131Z] E0612 16:00:47.131658   12236 watch.go:40] Failed to load config from "c:\\Users\\hazel\\source\\repos\\37MUSICSTUDIO\\dataconnect": could not find dataconnect.yaml in `c:\Users\hazel\source\repos\37MUSICSTUDIO\dataconnect`
 {"metadata":{"emulator":{"name":"dataconnect"},"message":"E0612 16:00:47.131658   12236 watch.go:40] Failed to load config from \"c:\\\\Users\\\\hazel\\\\source\\\\repos\\\\37MUSICSTUDIO\\\\dataconnect\": could not find dataconnect.yaml in `c:\\Users\\hazel\\source\\repos\\37MUSICSTUDIO\\dataconnect`\n"}}
[debug] [2026-06-12T09:00:57.113Z] E0612 16:00:57.113639   12236 watch.go:40] Failed to load config from "c:\\Users\\hazel\\source\\repos\\37MUSICSTUDIO\\dataconnect": could not find dataconnect.yaml in `c:\Users\hazel\source\repos\37MUSICSTUDIO\dataconnect`
 {"metadata":{"emulator":{"name":"dataconnect"},"message":"E0612 16:00:57.113639   12236 watch.go:40] Failed to load config from \"c:\\\\Users\\\\hazel\\\\source\\\\repos\\\\37MUSICSTUDIO\\\\dataconnect\": could not find dataconnect.yaml in `c:\\Users\\hazel\\source\\repos\\37MUSICSTUDIO\\dataconnect`\n"}}
[debug] [2026-06-12T09:01:07.124Z] E0612 16:01:07.124892   12236 watch.go:40] Failed to load config from "c:\\Users\\hazel\\source\\repos\\37MUSICSTUDIO\\dataconnect": could not find dataconnect.yaml in `c:\Users\hazel\source\repos\37MUSICSTUDIO\dataconnect`
 {"metadata":{"emulator":{"name":"dataconnect"},"message":"E0612 16:01:07.124892   12236 watch.go:40] Failed to load config from \"c:\\\\Users\\\\hazel\\\\source\\\\repos\\\\37MUSICSTUDIO\\\\dataconnect\": could not find dataconnect.yaml in `c:\\Users\\hazel\\source\\repos\\37MUSICSTUDIO\\dataconnect`\n"}}
[debug] [2026-06-12T09:01:17.140Z] E0612 16:01:17.139967   12236 watch.go:40] Failed to load config from "c:\\Users\\hazel\\source\\repos\\37MUSICSTUDIO\\dataconnect": could not find dataconnect.yaml in `c:\Users\hazel\source\repos\37MUSICSTUDIO\dataconnect`
 {"metadata":{"emulator":{"name":"dataconnect"},"message":"E0612 16:01:17.139967   12236 watch.go:40] Failed to load config from \"c:\\\\Users\\\\hazel\\\\source\\\\repos\\\\37MUSICSTUDIO\\\\dataconnect\": could not find dataconnect.yaml in `c:\\Users\\hazel\\source\\repos\\37MUSICSTUDIO\\dataconnect`\n"}}
[debug] [2026-06-12T09:01:27.113Z] E0612 16:01:27.113043   12236 watch.go:40] Failed to load config from "c:\\Users\\hazel\\source\\repos\\37MUSICSTUDIO\\dataconnect": could not find dataconnect.yaml in `c:\Users\hazel\source\repos\37MUSICSTUDIO\dataconnect`
 {"metadata":{"emulator":{"name":"dataconnect"},"message":"E0612 16:01:27.113043   12236 watch.go:40] Failed to load config from \"c:\\\\Users\\\\hazel\\\\source\\\\repos\\\\37MUSICSTUDIO\\\\dataconnect\": could not find dataconnect.yaml in `c:\\Users\\hazel\\source\\repos\\37MUSICSTUDIO\\dataconnect`\n"}}
[debug] [2026-06-12T09:01:37.113Z] E0612 16:01:37.113507   12236 watch.go:40] Failed to load config from "c:\\Users\\hazel\\source\\repos\\37MUSICSTUDIO\\dataconnect": could not find dataconnect.yaml in `c:\Users\hazel\source\repos\37MUSICSTUDIO\dataconnect`
 {"metadata":{"emulator":{"name":"dataconnect"},"message":"E0612 16:01:37.113507   12236 watch.go:40] Failed to load config from \"c:\\\\Users\\\\hazel\\\\source\\\\repos\\\\37MUSICSTUDIO\\\\dataconnect\": could not find dataconnect.yaml in `c:\\Users\\hazel\\source\\repos\\37MUSICSTUDIO\\dataconnect`\n"}}
[debug] [2026-06-12T09:01:47.112Z] E0612 16:01:47.113300   12236 watch.go:116] watchAllDir unable to walk dir `c:\Users\hazel\source\repos\37MUSICSTUDIO\dataconnect`: GetFileAttributesEx c:\Users\hazel\source\repos\37MUSICSTUDIO\dataconnect: The system cannot find the file specified.
 {"metadata":{"emulator":{"name":"dataconnect"},"message":"E0612 16:01:47.113300   12236 watch.go:116] watchAllDir unable to walk dir `c:\\Users\\hazel\\source\\repos\\37MUSICSTUDIO\\dataconnect`: GetFileAttributesEx c:\\Users\\hazel\\source\\repos\\37MUSICSTUDIO\\dataconnect: The system cannot find the file specified.\n"}}
[debug] [2026-06-12T09:01:47.113Z] E0612 16:01:47.113300   12236 watch.go:40] Failed to load config from "c:\\Users\\hazel\\source\\repos\\37MUSICSTUDIO\\dataconnect": could not find dataconnect.yaml in `c:\Users\hazel\source\repos\37MUSICSTUDIO\dataconnect`
 {"metadata":{"emulator":{"name":"dataconnect"},"message":"E0612 16:01:47.113300   12236 watch.go:40] Failed to load config from \"c:\\\\Users\\\\hazel\\\\source\\\\repos\\\\37MUSICSTUDIO\\\\dataconnect\": could not find dataconnect.yaml in `c:\\Users\\hazel\\source\\repos\\37MUSICSTUDIO\\dataconnect`\n"}}
[debug] [2026-06-12T09:01:57.114Z] E0612 16:01:57.114274   12236 watch.go:40] Failed to load config from "c:\\Users\\hazel\\source\\repos\\37MUSICSTUDIO\\dataconnect": could not find dataconnect.yaml in `c:\Users\hazel\source\repos\37MUSICSTUDIO\dataconnect`
 {"metadata":{"emulator":{"name":"dataconnect"},"message":"E0612 16:01:57.114274   12236 watch.go:40] Failed to load config from \"c:\\\\Users\\\\hazel\\\\source\\\\repos\\\\37MUSICSTUDIO\\\\dataconnect\": could not find dataconnect.yaml in `c:\\Users\\hazel\\source\\repos\\37MUSICSTUDIO\\dataconnect`\n"}}
[debug] [2026-06-12T09:02:07.112Z] E0612 16:02:07.112947   12236 watch.go:40] Failed to load config from "c:\\Users\\hazel\\source\\repos\\37MUSICSTUDIO\\dataconnect": could not find dataconnect.yaml in `c:\Users\hazel\source\repos\37MUSICSTUDIO\dataconnect`
 {"metadata":{"emulator":{"name":"dataconnect"},"message":"E0612 16:02:07.112947   12236 watch.go:40] Failed to load config from \"c:\\\\Users\\\\hazel\\\\source\\\\repos\\\\37MUSICSTUDIO\\\\dataconnect\": could not find dataconnect.yaml in `c:\\Users\\hazel\\source\\repos\\37MUSICSTUDIO\\dataconnect`\n"}}
[debug] [2026-06-12T09:02:17.113Z] E0612 16:02:17.112980   12236 watch.go:40] Failed to load config from "c:\\Users\\hazel\\source\\repos\\37MUSICSTUDIO\\dataconnect": could not find dataconnect.yaml in `c:\Users\hazel\source\repos\37MUSICSTUDIO\dataconnect`
 {"metadata":{"emulator":{"name":"dataconnect"},"message":"E0612 16:02:17.112980   12236 watch.go:40] Failed to load config from \"c:\\\\Users\\\\hazel\\\\source\\\\repos\\\\37MUSICSTUDIO\\\\dataconnect\": could not find dataconnect.yaml in `c:\\Users\\hazel\\source\\repos\\37MUSICSTUDIO\\dataconnect`\n"}}
[debug] [2026-06-12T09:02:27.114Z] E0612 16:02:27.113673   12236 watch.go:40] Failed to load config from "c:\\Users\\hazel\\source\\repos\\37MUSICSTUDIO\\dataconnect": could not find dataconnect.yaml in `c:\Users\hazel\source\repos\37MUSICSTUDIO\dataconnect`
 {"metadata":{"emulator":{"name":"dataconnect"},"message":"E0612 16:02:27.113673   12236 watch.go:40] Failed to load config from \"c:\\\\Users\\\\hazel\\\\source\\\\repos\\\\37MUSICSTUDIO\\\\dataconnect\": could not find dataconnect.yaml in `c:\\Users\\hazel\\source\\repos\\37MUSICSTUDIO\\dataconnect`\n"}}
[debug] [2026-06-12T09:02:37.114Z] E0612 16:02:37.113911   12236 watch.go:40] Failed to load config from "c:\\Users\\hazel\\source\\repos\\37MUSICSTUDIO\\dataconnect": could not find dataconnect.yaml in `c:\Users\hazel\source\repos\37MUSICSTUDIO\dataconnect`
 {"metadata":{"emulator":{"name":"dataconnect"},"message":"E0612 16:02:37.113911   12236 watch.go:40] Failed to load config from \"c:\\\\Users\\\\hazel\\\\source\\\\repos\\\\37MUSICSTUDIO\\\\dataconnect\": could not find dataconnect.yaml in `c:\\Users\\hazel\\source\\repos\\37MUSICSTUDIO\\dataconnect`\n"}}
[debug] [2026-06-12T09:02:47.113Z] E0612 16:02:47.113285   12236 watch.go:116] watchAllDir unable to walk dir `c:\Users\hazel\source\repos\37MUSICSTUDIO\dataconnect`: GetFileAttributesEx c:\Users\hazel\source\repos\37MUSICSTUDIO\dataconnect: The system cannot find the file specified.
 {"metadata":{"emulator":{"name":"dataconnect"},"message":"E0612 16:02:47.113285   12236 watch.go:116] watchAllDir unable to walk dir `c:\\Users\\hazel\\source\\repos\\37MUSICSTUDIO\\dataconnect`: GetFileAttributesEx c:\\Users\\hazel\\source\\repos\\37MUSICSTUDIO\\dataconnect: The system cannot find the file specified.\n"}}
[debug] [2026-06-12T09:02:47.113Z] E0612 16:02:47.113285   12236 watch.go:40] Failed to load config from "c:\\Users\\hazel\\source\\repos\\37MUSICSTUDIO\\dataconnect": could not find dataconnect.yaml in `c:\Users\hazel\source\repos\37MUSICSTUDIO\dataconnect`
 {"metadata":{"emulator":{"name":"dataconnect"},"message":"E0612 16:02:47.113285   12236 watch.go:40] Failed to load config from \"c:\\\\Users\\\\hazel\\\\source\\\\repos\\\\37MUSICSTUDIO\\\\dataconnect\": could not find dataconnect.yaml in `c:\\Users\\hazel\\source\\repos\\37MUSICSTUDIO\\dataconnect`\n"}}
[debug] [2026-06-12T09:02:57.113Z] E0612 16:02:57.113317   12236 watch.go:40] Failed to load config from "c:\\Users\\hazel\\source\\repos\\37MUSICSTUDIO\\dataconnect": could not find dataconnect.yaml in `c:\Users\hazel\source\repos\37MUSICSTUDIO\dataconnect`
 {"metadata":{"emulator":{"name":"dataconnect"},"message":"E0612 16:02:57.113317   12236 watch.go:40] Failed to load config from \"c:\\\\Users\\\\hazel\\\\source\\\\repos\\\\37MUSICSTUDIO\\\\dataconnect\": could not find dataconnect.yaml in `c:\\Users\\hazel\\source\\repos\\37MUSICSTUDIO\\dataconnect`\n"}}
[debug] [2026-06-12T09:03:07.113Z] E0612 16:03:07.113602   12236 watch.go:40] Failed to load config from "c:\\Users\\hazel\\source\\repos\\37MUSICSTUDIO\\dataconnect": could not find dataconnect.yaml in `c:\Users\hazel\source\repos\37MUSICSTUDIO\dataconnect`
 {"metadata":{"emulator":{"name":"dataconnect"},"message":"E0612 16:03:07.113602   12236 watch.go:40] Failed to load config from \"c:\\\\Users\\\\hazel\\\\source\\\\repos\\\\37MUSICSTUDIO\\\\dataconnect\": could not find dataconnect.yaml in `c:\\Users\\hazel\\source\\repos\\37MUSICSTUDIO\\dataconnect`\n"}}
[debug] [2026-06-12T09:03:17.113Z] E0612 16:03:17.113389   12236 watch.go:40] Failed to load config from "c:\\Users\\hazel\\source\\repos\\37MUSICSTUDIO\\dataconnect": could not find dataconnect.yaml in `c:\Users\hazel\source\repos\37MUSICSTUDIO\dataconnect`
 {"metadata":{"emulator":{"name":"dataconnect"},"message":"E0612 16:03:17.113389   12236 watch.go:40] Failed to load config from \"c:\\\\Users\\\\hazel\\\\source\\\\repos\\\\37MUSICSTUDIO\\\\dataconnect\": could not find dataconnect.yaml in `c:\\Users\\hazel\\source\\repos\\37MUSICSTUDIO\\dataconnect`\n"}}
[debug] [2026-06-12T09:03:27.114Z] E0612 16:03:27.113660   12236 watch.go:40] Failed to load config from "c:\\Users\\hazel\\source\\repos\\37MUSICSTUDIO\\dataconnect": could not find dataconnect.yaml in `c:\Users\hazel\source\repos\37MUSICSTUDIO\dataconnect`
 {"metadata":{"emulator":{"name":"dataconnect"},"message":"E0612 16:03:27.113660   12236 watch.go:40] Failed to load config from \"c:\\\\Users\\\\hazel\\\\source\\\\repos\\\\37MUSICSTUDIO\\\\dataconnect\": could not find dataconnect.yaml in `c:\\Users\\hazel\\source\\repos\\37MUSICSTUDIO\\dataconnect`\n"}}
[debug] [2026-06-12T09:03:37.114Z] E0612 16:03:37.114153   12236 watch.go:40] Failed to load config from "c:\\Users\\hazel\\source\\repos\\37MUSICSTUDIO\\dataconnect": could not find dataconnect.yaml in `c:\Users\hazel\source\repos\37MUSICSTUDIO\dataconnect`
 {"metadata":{"emulator":{"name":"dataconnect"},"message":"E0612 16:03:37.114153   12236 watch.go:40] Failed to load config from \"c:\\\\Users\\\\hazel\\\\source\\\\repos\\\\37MUSICSTUDIO\\\\dataconnect\": could not find dataconnect.yaml in `c:\\Users\\hazel\\source\\repos\\37MUSICSTUDIO\\dataconnect`\n"}}
[debug] [2026-06-12T09:03:47.113Z] E0612 16:03:47.113301   12236 watch.go:116] watchAllDir unable to walk dir `c:\Users\hazel\source\repos\37MUSICSTUDIO\dataconnect`: GetFileAttributesEx c:\Users\hazel\source\repos\37MUSICSTUDIO\dataconnect: The system cannot find the file specified.
 {"metadata":{"emulator":{"name":"dataconnect"},"message":"E0612 16:03:47.113301   12236 watch.go:116] watchAllDir unable to walk dir `c:\\Users\\hazel\\source\\repos\\37MUSICSTUDIO\\dataconnect`: GetFileAttributesEx c:\\Users\\hazel\\source\\repos\\37MUSICSTUDIO\\dataconnect: The system cannot find the file specified.\n"}}
[debug] [2026-06-12T09:03:47.113Z] E0612 16:03:47.113813   12236 watch.go:40] Failed to load config from "c:\\Users\\hazel\\source\\repos\\37MUSICSTUDIO\\dataconnect": could not find dataconnect.yaml in `c:\Users\hazel\source\repos\37MUSICSTUDIO\dataconnect`
 {"metadata":{"emulator":{"name":"dataconnect"},"message":"E0612 16:03:47.113813   12236 watch.go:40] Failed to load config from \"c:\\\\Users\\\\hazel\\\\source\\\\repos\\\\37MUSICSTUDIO\\\\dataconnect\": could not find dataconnect.yaml in `c:\\Users\\hazel\\source\\repos\\37MUSICSTUDIO\\dataconnect`\n"}}
[debug] [2026-06-12T09:03:57.113Z] E0612 16:03:57.113476   12236 watch.go:40] Failed to load config from "c:\\Users\\hazel\\source\\repos\\37MUSICSTUDIO\\dataconnect": could not find dataconnect.yaml in `c:\Users\hazel\source\repos\37MUSICSTUDIO\dataconnect`
 {"metadata":{"emulator":{"name":"dataconnect"},"message":"E0612 16:03:57.113476   12236 watch.go:40] Failed to load config from \"c:\\\\Users\\\\hazel\\\\source\\\\repos\\\\37MUSICSTUDIO\\\\dataconnect\": could not find dataconnect.yaml in `c:\\Users\\hazel\\source\\repos\\37MUSICSTUDIO\\dataconnect`\n"}}
[debug] [2026-06-12T09:04:07.113Z] E0612 16:04:07.113215   12236 watch.go:40] Failed to load config from "c:\\Users\\hazel\\source\\repos\\37MUSICSTUDIO\\dataconnect": could not find dataconnect.yaml in `c:\Users\hazel\source\repos\37MUSICSTUDIO\dataconnect`
 {"metadata":{"emulator":{"name":"dataconnect"},"message":"E0612 16:04:07.113215   12236 watch.go:40] Failed to load config from \"c:\\\\Users\\\\hazel\\\\source\\\\repos\\\\37MUSICSTUDIO\\\\dataconnect\": could not find dataconnect.yaml in `c:\\Users\\hazel\\source\\repos\\37MUSICSTUDIO\\dataconnect`\n"}}
[debug] [2026-06-12T09:04:17.113Z] E0612 16:04:17.112862   12236 watch.go:40] Failed to load config from "c:\\Users\\hazel\\source\\repos\\37MUSICSTUDIO\\dataconnect": could not find dataconnect.yaml in `c:\Users\hazel\source\repos\37MUSICSTUDIO\dataconnect`
 {"metadata":{"emulator":{"name":"dataconnect"},"message":"E0612 16:04:17.112862   12236 watch.go:40] Failed to load config from \"c:\\\\Users\\\\hazel\\\\source\\\\repos\\\\37MUSICSTUDIO\\\\dataconnect\": could not find dataconnect.yaml in `c:\\Users\\hazel\\source\\repos\\37MUSICSTUDIO\\dataconnect`\n"}}
[debug] [2026-06-12T09:04:27.114Z] E0612 16:04:27.113705   12236 watch.go:40] Failed to load config from "c:\\Users\\hazel\\source\\repos\\37MUSICSTUDIO\\dataconnect": could not find dataconnect.yaml in `c:\Users\hazel\source\repos\37MUSICSTUDIO\dataconnect`
 {"metadata":{"emulator":{"name":"dataconnect"},"message":"E0612 16:04:27.113705   12236 watch.go:40] Failed to load config from \"c:\\\\Users\\\\hazel\\\\source\\\\repos\\\\37MUSICSTUDIO\\\\dataconnect\": could not find dataconnect.yaml in `c:\\Users\\hazel\\source\\repos\\37MUSICSTUDIO\\dataconnect`\n"}}
[debug] [2026-06-12T09:04:37.114Z] E0612 16:04:37.114494   12236 watch.go:40] Failed to load config from "c:\\Users\\hazel\\source\\repos\\37MUSICSTUDIO\\dataconnect": could not find dataconnect.yaml in `c:\Users\hazel\source\repos\37MUSICSTUDIO\dataconnect`
 {"metadata":{"emulator":{"name":"dataconnect"},"message":"E0612 16:04:37.114494   12236 watch.go:40] Failed to load config from \"c:\\\\Users\\\\hazel\\\\source\\\\repos\\\\37MUSICSTUDIO\\\\dataconnect\": could not find dataconnect.yaml in `c:\\Users\\hazel\\source\\repos\\37MUSICSTUDIO\\dataconnect`\n"}}
[debug] [2026-06-12T09:04:47.113Z] E0612 16:04:47.113952   12236 watch.go:116] watchAllDir unable to walk dir `c:\Users\hazel\source\repos\37MUSICSTUDIO\dataconnect`: GetFileAttributesEx c:\Users\hazel\source\repos\37MUSICSTUDIO\dataconnect: The system cannot find the file specified.
 {"metadata":{"emulator":{"name":"dataconnect"},"message":"E0612 16:04:47.113952   12236 watch.go:116] watchAllDir unable to walk dir `c:\\Users\\hazel\\source\\repos\\37MUSICSTUDIO\\dataconnect`: GetFileAttributesEx c:\\Users\\hazel\\source\\repos\\37MUSICSTUDIO\\dataconnect: The system cannot find the file specified.\n"}}
[debug] [2026-06-12T09:04:47.114Z] E0612 16:04:47.114952   12236 watch.go:40] Failed to load config from "c:\\Users\\hazel\\source\\repos\\37MUSICSTUDIO\\dataconnect": could not find dataconnect.yaml in `c:\Users\hazel\source\repos\37MUSICSTUDIO\dataconnect`
 {"metadata":{"emulator":{"name":"dataconnect"},"message":"E0612 16:04:47.114952   12236 watch.go:40] Failed to load config from \"c:\\\\Users\\\\hazel\\\\source\\\\repos\\\\37MUSICSTUDIO\\\\dataconnect\": could not find dataconnect.yaml in `c:\\Users\\hazel\\source\\repos\\37MUSICSTUDIO\\dataconnect`\n"}}
[debug] [2026-06-12T09:04:57.114Z] E0612 16:04:57.114344   12236 watch.go:40] Failed to load config from "c:\\Users\\hazel\\source\\repos\\37MUSICSTUDIO\\dataconnect": could not find dataconnect.yaml in `c:\Users\hazel\source\repos\37MUSICSTUDIO\dataconnect`
 {"metadata":{"emulator":{"name":"dataconnect"},"message":"E0612 16:04:57.114344   12236 watch.go:40] Failed to load config from \"c:\\\\Users\\\\hazel\\\\source\\\\repos\\\\37MUSICSTUDIO\\\\dataconnect\": could not find dataconnect.yaml in `c:\\Users\\hazel\\source\\repos\\37MUSICSTUDIO\\dataconnect`\n"}}
[debug] [2026-06-12T09:05:07.112Z] E0612 16:05:07.112954   12236 watch.go:40] Failed to load config from "c:\\Users\\hazel\\source\\repos\\37MUSICSTUDIO\\dataconnect": could not find dataconnect.yaml in `c:\Users\hazel\source\repos\37MUSICSTUDIO\dataconnect`
 {"metadata":{"emulator":{"name":"dataconnect"},"message":"E0612 16:05:07.112954   12236 watch.go:40] Failed to load config from \"c:\\\\Users\\\\hazel\\\\source\\\\repos\\\\37MUSICSTUDIO\\\\dataconnect\": could not find dataconnect.yaml in `c:\\Users\\hazel\\source\\repos\\37MUSICSTUDIO\\dataconnect`\n"}}
[debug] [2026-06-12T09:05:17.113Z] E0612 16:05:17.112952   12236 watch.go:40] Failed to load config from "c:\\Users\\hazel\\source\\repos\\37MUSICSTUDIO\\dataconnect": could not find dataconnect.yaml in `c:\Users\hazel\source\repos\37MUSICSTUDIO\dataconnect`
 {"metadata":{"emulator":{"name":"dataconnect"},"message":"E0612 16:05:17.112952   12236 watch.go:40] Failed to load config from \"c:\\\\Users\\\\hazel\\\\source\\\\repos\\\\37MUSICSTUDIO\\\\dataconnect\": could not find dataconnect.yaml in `c:\\Users\\hazel\\source\\repos\\37MUSICSTUDIO\\dataconnect`\n"}}
[debug] [2026-06-12T09:05:27.113Z] E0612 16:05:27.113926   12236 watch.go:40] Failed to load config from "c:\\Users\\hazel\\source\\repos\\37MUSICSTUDIO\\dataconnect": could not find dataconnect.yaml in `c:\Users\hazel\source\repos\37MUSICSTUDIO\dataconnect`
 {"metadata":{"emulator":{"name":"dataconnect"},"message":"E0612 16:05:27.113926   12236 watch.go:40] Failed to load config from \"c:\\\\Users\\\\hazel\\\\source\\\\repos\\\\37MUSICSTUDIO\\\\dataconnect\": could not find dataconnect.yaml in `c:\\Users\\hazel\\source\\repos\\37MUSICSTUDIO\\dataconnect`\n"}}
[debug] [2026-06-12T09:05:37.124Z] E0612 16:05:37.123532   12236 watch.go:40] Failed to load config from "c:\\Users\\hazel\\source\\repos\\37MUSICSTUDIO\\dataconnect": could not find dataconnect.yaml in `c:\Users\hazel\source\repos\37MUSICSTUDIO\dataconnect`
 {"metadata":{"emulator":{"name":"dataconnect"},"message":"E0612 16:05:37.123532   12236 watch.go:40] Failed to load config from \"c:\\\\Users\\\\hazel\\\\source\\\\repos\\\\37MUSICSTUDIO\\\\dataconnect\": could not find dataconnect.yaml in `c:\\Users\\hazel\\source\\repos\\37MUSICSTUDIO\\dataconnect`\n"}}
[debug] [2026-06-12T09:05:47.112Z] E0612 16:05:47.113301   12236 watch.go:116] watchAllDir unable to walk dir `c:\Users\hazel\source\repos\37MUSICSTUDIO\dataconnect`: GetFileAttributesEx c:\Users\hazel\source\repos\37MUSICSTUDIO\dataconnect: The system cannot find the file specified.
 {"metadata":{"emulator":{"name":"dataconnect"},"message":"E0612 16:05:47.113301   12236 watch.go:116] watchAllDir unable to walk dir `c:\\Users\\hazel\\source\\repos\\37MUSICSTUDIO\\dataconnect`: GetFileAttributesEx c:\\Users\\hazel\\source\\repos\\37MUSICSTUDIO\\dataconnect: The system cannot find the file specified.\n"}}
[debug] [2026-06-12T09:05:47.113Z] E0612 16:05:47.113804   12236 watch.go:40] Failed to load config from "c:\\Users\\hazel\\source\\repos\\37MUSICSTUDIO\\dataconnect": could not find dataconnect.yaml in `c:\Users\hazel\source\repos\37MUSICSTUDIO\dataconnect`
 {"metadata":{"emulator":{"name":"dataconnect"},"message":"E0612 16:05:47.113804   12236 watch.go:40] Failed to load config from \"c:\\\\Users\\\\hazel\\\\source\\\\repos\\\\37MUSICSTUDIO\\\\dataconnect\": could not find dataconnect.yaml in `c:\\Users\\hazel\\source\\repos\\37MUSICSTUDIO\\dataconnect`\n"}}
[debug] [2026-06-12T09:05:57.113Z] E0612 16:05:57.113648   12236 watch.go:40] Failed to load config from "c:\\Users\\hazel\\source\\repos\\37MUSICSTUDIO\\dataconnect": could not find dataconnect.yaml in `c:\Users\hazel\source\repos\37MUSICSTUDIO\dataconnect`
 {"metadata":{"emulator":{"name":"dataconnect"},"message":"E0612 16:05:57.113648   12236 watch.go:40] Failed to load config from \"c:\\\\Users\\\\hazel\\\\source\\\\repos\\\\37MUSICSTUDIO\\\\dataconnect\": could not find dataconnect.yaml in `c:\\Users\\hazel\\source\\repos\\37MUSICSTUDIO\\dataconnect`\n"}}
[debug] [2026-06-12T09:06:07.113Z] E0612 16:06:07.113265   12236 watch.go:40] Failed to load config from "c:\\Users\\hazel\\source\\repos\\37MUSICSTUDIO\\dataconnect": could not find dataconnect.yaml in `c:\Users\hazel\source\repos\37MUSICSTUDIO\dataconnect`
 {"metadata":{"emulator":{"name":"dataconnect"},"message":"E0612 16:06:07.113265   12236 watch.go:40] Failed to load config from \"c:\\\\Users\\\\hazel\\\\source\\\\repos\\\\37MUSICSTUDIO\\\\dataconnect\": could not find dataconnect.yaml in `c:\\Users\\hazel\\source\\repos\\37MUSICSTUDIO\\dataconnect`\n"}}
[debug] [2026-06-12T09:06:17.113Z] E0612 16:06:17.113521   12236 watch.go:40] Failed to load config from "c:\\Users\\hazel\\source\\repos\\37MUSICSTUDIO\\dataconnect": could not find dataconnect.yaml in `c:\Users\hazel\source\repos\37MUSICSTUDIO\dataconnect`
 {"metadata":{"emulator":{"name":"dataconnect"},"message":"E0612 16:06:17.113521   12236 watch.go:40] Failed to load config from \"c:\\\\Users\\\\hazel\\\\source\\\\repos\\\\37MUSICSTUDIO\\\\dataconnect\": could not find dataconnect.yaml in `c:\\Users\\hazel\\source\\repos\\37MUSICSTUDIO\\dataconnect`\n"}}
[debug] [2026-06-12T09:06:27.127Z] E0612 16:06:27.127892   12236 watch.go:40] Failed to load config from "c:\\Users\\hazel\\source\\repos\\37MUSICSTUDIO\\dataconnect": could not find dataconnect.yaml in `c:\Users\hazel\source\repos\37MUSICSTUDIO\dataconnect`
 {"metadata":{"emulator":{"name":"dataconnect"},"message":"E0612 16:06:27.127892   12236 watch.go:40] Failed to load config from \"c:\\\\Users\\\\hazel\\\\source\\\\repos\\\\37MUSICSTUDIO\\\\dataconnect\": could not find dataconnect.yaml in `c:\\Users\\hazel\\source\\repos\\37MUSICSTUDIO\\dataconnect`\n"}}
[debug] [2026-06-12T09:06:37.113Z] E0612 16:06:37.113512   12236 watch.go:40] Failed to load config from "c:\\Users\\hazel\\source\\repos\\37MUSICSTUDIO\\dataconnect": could not find dataconnect.yaml in `c:\Users\hazel\source\repos\37MUSICSTUDIO\dataconnect`
 {"metadata":{"emulator":{"name":"dataconnect"},"message":"E0612 16:06:37.113512   12236 watch.go:40] Failed to load config from \"c:\\\\Users\\\\hazel\\\\source\\\\repos\\\\37MUSICSTUDIO\\\\dataconnect\": could not find dataconnect.yaml in `c:\\Users\\hazel\\source\\repos\\37MUSICSTUDIO\\dataconnect`\n"}}
[debug] [2026-06-12T09:06:47.114Z] E0612 16:06:47.114251   12236 watch.go:116] watchAllDir unable to walk dir `c:\Users\hazel\source\repos\37MUSICSTUDIO\dataconnect`: GetFileAttributesEx c:\Users\hazel\source\repos\37MUSICSTUDIO\dataconnect: The system cannot find the file specified.
 {"metadata":{"emulator":{"name":"dataconnect"},"message":"E0612 16:06:47.114251   12236 watch.go:116] watchAllDir unable to walk dir `c:\\Users\\hazel\\source\\repos\\37MUSICSTUDIO\\dataconnect`: GetFileAttributesEx c:\\Users\\hazel\\source\\repos\\37MUSICSTUDIO\\dataconnect: The system cannot find the file specified.\n"}}
[debug] [2026-06-12T09:06:47.116Z] E0612 16:06:47.116250   12236 watch.go:40] Failed to load config from "c:\\Users\\hazel\\source\\repos\\37MUSICSTUDIO\\dataconnect": could not find dataconnect.yaml in `c:\Users\hazel\source\repos\37MUSICSTUDIO\dataconnect`
 {"metadata":{"emulator":{"name":"dataconnect"},"message":"E0612 16:06:47.116250   12236 watch.go:40] Failed to load config from \"c:\\\\Users\\\\hazel\\\\source\\\\repos\\\\37MUSICSTUDIO\\\\dataconnect\": could not find dataconnect.yaml in `c:\\Users\\hazel\\source\\repos\\37MUSICSTUDIO\\dataconnect`\n"}}
[debug] [2026-06-12T09:06:57.113Z] E0612 16:06:57.113082   12236 watch.go:40] Failed to load config from "c:\\Users\\hazel\\source\\repos\\37MUSICSTUDIO\\dataconnect": could not find dataconnect.yaml in `c:\Users\hazel\source\repos\37MUSICSTUDIO\dataconnect`
 {"metadata":{"emulator":{"name":"dataconnect"},"message":"E0612 16:06:57.113082   12236 watch.go:40] Failed to load config from \"c:\\\\Users\\\\hazel\\\\source\\\\repos\\\\37MUSICSTUDIO\\\\dataconnect\": could not find dataconnect.yaml in `c:\\Users\\hazel\\source\\repos\\37MUSICSTUDIO\\dataconnect`\n"}}
[debug] [2026-06-12T09:07:07.113Z] E0612 16:07:07.113175   12236 watch.go:40] Failed to load config from "c:\\Users\\hazel\\source\\repos\\37MUSICSTUDIO\\dataconnect": could not find dataconnect.yaml in `c:\Users\hazel\source\repos\37MUSICSTUDIO\dataconnect`
 {"metadata":{"emulator":{"name":"dataconnect"},"message":"E0612 16:07:07.113175   12236 watch.go:40] Failed to load config from \"c:\\\\Users\\\\hazel\\\\source\\\\repos\\\\37MUSICSTUDIO\\\\dataconnect\": could not find dataconnect.yaml in `c:\\Users\\hazel\\source\\repos\\37MUSICSTUDIO\\dataconnect`\n"}}
[debug] [2026-06-12T09:07:17.114Z] E0612 16:07:17.113491   12236 watch.go:40] Failed to load config from "c:\\Users\\hazel\\source\\repos\\37MUSICSTUDIO\\dataconnect": could not find dataconnect.yaml in `c:\Users\hazel\source\repos\37MUSICSTUDIO\dataconnect`
 {"metadata":{"emulator":{"name":"dataconnect"},"message":"E0612 16:07:17.113491   12236 watch.go:40] Failed to load config from \"c:\\\\Users\\\\hazel\\\\source\\\\repos\\\\37MUSICSTUDIO\\\\dataconnect\": could not find dataconnect.yaml in `c:\\Users\\hazel\\source\\repos\\37MUSICSTUDIO\\dataconnect`\n"}}
[debug] [2026-06-12T09:07:27.114Z] E0612 16:07:27.113886   12236 watch.go:40] Failed to load config from "c:\\Users\\hazel\\source\\repos\\37MUSICSTUDIO\\dataconnect": could not find dataconnect.yaml in `c:\Users\hazel\source\repos\37MUSICSTUDIO\dataconnect`
 {"metadata":{"emulator":{"name":"dataconnect"},"message":"E0612 16:07:27.113886   12236 watch.go:40] Failed to load config from \"c:\\\\Users\\\\hazel\\\\source\\\\repos\\\\37MUSICSTUDIO\\\\dataconnect\": could not find dataconnect.yaml in `c:\\Users\\hazel\\source\\repos\\37MUSICSTUDIO\\dataconnect`\n"}}
[debug] [2026-06-12T09:07:37.113Z] E0612 16:07:37.113407   12236 watch.go:40] Failed to load config from "c:\\Users\\hazel\\source\\repos\\37MUSICSTUDIO\\dataconnect": could not find dataconnect.yaml in `c:\Users\hazel\source\repos\37MUSICSTUDIO\dataconnect`
 {"metadata":{"emulator":{"name":"dataconnect"},"message":"E0612 16:07:37.113407   12236 watch.go:40] Failed to load config from \"c:\\\\Users\\\\hazel\\\\source\\\\repos\\\\37MUSICSTUDIO\\\\dataconnect\": could not find dataconnect.yaml in `c:\\Users\\hazel\\source\\repos\\37MUSICSTUDIO\\dataconnect`\n"}}
[debug] [2026-06-12T09:07:47.112Z] E0612 16:07:47.113063   12236 watch.go:116] watchAllDir unable to walk dir `c:\Users\hazel\source\repos\37MUSICSTUDIO\dataconnect`: GetFileAttributesEx c:\Users\hazel\source\repos\37MUSICSTUDIO\dataconnect: The system cannot find the file specified.
 {"metadata":{"emulator":{"name":"dataconnect"},"message":"E0612 16:07:47.113063   12236 watch.go:116] watchAllDir unable to walk dir `c:\\Users\\hazel\\source\\repos\\37MUSICSTUDIO\\dataconnect`: GetFileAttributesEx c:\\Users\\hazel\\source\\repos\\37MUSICSTUDIO\\dataconnect: The system cannot find the file specified.\n"}}
[debug] [2026-06-12T09:07:47.113Z] E0612 16:07:47.113566   12236 watch.go:40] Failed to load config from "c:\\Users\\hazel\\source\\repos\\37MUSICSTUDIO\\dataconnect": could not find dataconnect.yaml in `c:\Users\hazel\source\repos\37MUSICSTUDIO\dataconnect`
 {"metadata":{"emulator":{"name":"dataconnect"},"message":"E0612 16:07:47.113566   12236 watch.go:40] Failed to load config from \"c:\\\\Users\\\\hazel\\\\source\\\\repos\\\\37MUSICSTUDIO\\\\dataconnect\": could not find dataconnect.yaml in `c:\\Users\\hazel\\source\\repos\\37MUSICSTUDIO\\dataconnect`\n"}}
[debug] [2026-06-12T09:07:57.114Z] E0612 16:07:57.113668   12236 watch.go:40] Failed to load config from "c:\\Users\\hazel\\source\\repos\\37MUSICSTUDIO\\dataconnect": could not find dataconnect.yaml in `c:\Users\hazel\source\repos\37MUSICSTUDIO\dataconnect`
 {"metadata":{"emulator":{"name":"dataconnect"},"message":"E0612 16:07:57.113668   12236 watch.go:40] Failed to load config from \"c:\\\\Users\\\\hazel\\\\source\\\\repos\\\\37MUSICSTUDIO\\\\dataconnect\": could not find dataconnect.yaml in `c:\\Users\\hazel\\source\\repos\\37MUSICSTUDIO\\dataconnect`\n"}}
[debug] [2026-06-12T09:08:07.113Z] E0612 16:08:07.113261   12236 watch.go:40] Failed to load config from "c:\\Users\\hazel\\source\\repos\\37MUSICSTUDIO\\dataconnect": could not find dataconnect.yaml in `c:\Users\hazel\source\repos\37MUSICSTUDIO\dataconnect`
 {"metadata":{"emulator":{"name":"dataconnect"},"message":"E0612 16:08:07.113261   12236 watch.go:40] Failed to load config from \"c:\\\\Users\\\\hazel\\\\source\\\\repos\\\\37MUSICSTUDIO\\\\dataconnect\": could not find dataconnect.yaml in `c:\\Users\\hazel\\source\\repos\\37MUSICSTUDIO\\dataconnect`\n"}}
[debug] [2026-06-12T09:08:17.113Z] E0612 16:08:17.113299   12236 watch.go:40] Failed to load config from "c:\\Users\\hazel\\source\\repos\\37MUSICSTUDIO\\dataconnect": could not find dataconnect.yaml in `c:\Users\hazel\source\repos\37MUSICSTUDIO\dataconnect`
 {"metadata":{"emulator":{"name":"dataconnect"},"message":"E0612 16:08:17.113299   12236 watch.go:40] Failed to load config from \"c:\\\\Users\\\\hazel\\\\source\\\\repos\\\\37MUSICSTUDIO\\\\dataconnect\": could not find dataconnect.yaml in `c:\\Users\\hazel\\source\\repos\\37MUSICSTUDIO\\dataconnect`\n"}}
[debug] [2026-06-12T09:08:27.171Z] E0612 16:08:27.171310   12236 watch.go:40] Failed to load config from "c:\\Users\\hazel\\source\\repos\\37MUSICSTUDIO\\dataconnect": could not find dataconnect.yaml in `c:\Users\hazel\source\repos\37MUSICSTUDIO\dataconnect`
 {"metadata":{"emulator":{"name":"dataconnect"},"message":"E0612 16:08:27.171310   12236 watch.go:40] Failed to load config from \"c:\\\\Users\\\\hazel\\\\source\\\\repos\\\\37MUSICSTUDIO\\\\dataconnect\": could not find dataconnect.yaml in `c:\\Users\\hazel\\source\\repos\\37MUSICSTUDIO\\dataconnect`\n"}}
[debug] [2026-06-12T09:08:37.113Z] E0612 16:08:37.113223   12236 watch.go:40] Failed to load config from "c:\\Users\\hazel\\source\\repos\\37MUSICSTUDIO\\dataconnect": could not find dataconnect.yaml in `c:\Users\hazel\source\repos\37MUSICSTUDIO\dataconnect`
 {"metadata":{"emulator":{"name":"dataconnect"},"message":"E0612 16:08:37.113223   12236 watch.go:40] Failed to load config from \"c:\\\\Users\\\\hazel\\\\source\\\\repos\\\\37MUSICSTUDIO\\\\dataconnect\": could not find dataconnect.yaml in `c:\\Users\\hazel\\source\\repos\\37MUSICSTUDIO\\dataconnect`\n"}}
[debug] [2026-06-12T09:08:47.114Z] E0612 16:08:47.113960   12236 watch.go:116] watchAllDir unable to walk dir `c:\Users\hazel\source\repos\37MUSICSTUDIO\dataconnect`: GetFileAttributesEx c:\Users\hazel\source\repos\37MUSICSTUDIO\dataconnect: The system cannot find the file specified.
 {"metadata":{"emulator":{"name":"dataconnect"},"message":"E0612 16:08:47.113960   12236 watch.go:116] watchAllDir unable to walk dir `c:\\Users\\hazel\\source\\repos\\37MUSICSTUDIO\\dataconnect`: GetFileAttributesEx c:\\Users\\hazel\\source\\repos\\37MUSICSTUDIO\\dataconnect: The system cannot find the file specified.\n"}}
[debug] [2026-06-12T09:08:47.115Z] E0612 16:08:47.114960   12236 watch.go:40] Failed to load config from "c:\\Users\\hazel\\source\\repos\\37MUSICSTUDIO\\dataconnect": could not find dataconnect.yaml in `c:\Users\hazel\source\repos\37MUSICSTUDIO\dataconnect`
 {"metadata":{"emulator":{"name":"dataconnect"},"message":"E0612 16:08:47.114960   12236 watch.go:40] Failed to load config from \"c:\\\\Users\\\\hazel\\\\source\\\\repos\\\\37MUSICSTUDIO\\\\dataconnect\": could not find dataconnect.yaml in `c:\\Users\\hazel\\source\\repos\\37MUSICSTUDIO\\dataconnect`\n"}}
